Command line invocation:
    /Applications/Xcode_16.4.app/Contents/Developer/usr/bin/xcodebuild -project ios/Paladala/Paladala.xcodeproj -scheme Paladala -configuration Release -sdk iphoneos -destination generic/platform=iOS -derivedDataPath build/ios-derived-data "HEADER_SEARCH_PATHS=/Users/runner/work/_temp/ffmpeg-build/arm64/include $(inherited)" "LIBRARY_SEARCH_PATHS=/Users/runner/work/_temp/ffmpeg-build/arm64/lib $(inherited)" "OTHER_LDFLAGS=-lavformat -lavcodec -lavutil -lswresample -liconv -lz $(inherited)" CODE_SIGNING_ALLOWED=NO CODE_SIGNING_REQUIRED=NO CODE_SIGN_IDENTITY= build

Build settings from command line:
    CODE_SIGN_IDENTITY = 
    CODE_SIGNING_ALLOWED = NO
    CODE_SIGNING_REQUIRED = NO
    HEADER_SEARCH_PATHS = /Users/runner/work/_temp/ffmpeg-build/arm64/include $(inherited)
    LIBRARY_SEARCH_PATHS = /Users/runner/work/_temp/ffmpeg-build/arm64/lib $(inherited)
    OTHER_LDFLAGS = -lavformat -lavcodec -lavutil -lswresample -liconv -lz $(inherited)
    SDKROOT = iphoneos18.5

2026-08-04 07:56:38.929 xcodebuild[4888:18331] warning:  The file reference for "Config" is a member of multiple groups ("Paladala" and ""); this indicates a malformed project.  Only the membership in one of the groups will be preserved (but membership in targets will be unaffected).  If you want a reference to the same file in more than one group, please add another reference to the same path.
note: Using codesigning identity override: 
ComputePackagePrebuildTargetDependencyGraph

Prepare packages

CreateBuildRequest

SendProjectDescription

CreateBuildOperation

ComputeTargetDependencyGraph
note: Building targets in dependency order
note: Target dependency graph (2 targets)
    Target 'Paladala' in project 'Paladala'
        ➜ Explicit dependency on target 'PaladalaWidget' in project 'Paladala'
    Target 'PaladalaWidget' in project 'Paladala' (no dependencies)

GatherProvisioningInputs

CreateBuildDescription

ExecuteExternalTool /Applications/Xcode_16.4.app/Contents/Developer/Toolchains/XcodeDefault.xctoolchain/usr/bin/swiftc --version

ExecuteExternalTool /Applications/Xcode_16.4.app/Contents/Developer/usr/bin/actool --print-asset-tag-combinations --output-format xml1 /Users/runner/work/pure-bilibili-rethinking/pure-bilibili-rethinking/ios/Paladala/Paladala/Assets.xcassets

ExecuteExternalTool /Applications/Xcode_16.4.app/Contents/Developer/Toolchains/XcodeDefault.xctoolchain/usr/bin/clang -v -E -dM -isysroot /Applications/Xcode_16.4.app/Contents/Developer/Platforms/iPhoneOS.platform/Developer/SDKs/iPhoneOS18.5.sdk -x c -c /dev/null

ExecuteExternalTool /Applications/Xcode_16.4.app/Contents/Developer/Toolchains/XcodeDefault.xctoolchain/usr/bin/ld -version_details

ExecuteExternalTool /Applications/Xcode_16.4.app/Contents/Developer/usr/bin/actool --version --output-format xml1

Build description signature: a805b465f893970d1b22cbd7f7f4171d
Build description path: /Users/runner/work/pure-bilibili-rethinking/pure-bilibili-rethinking/build/ios-derived-data/Build/Intermediates.noindex/XCBuildData/a805b465f893970d1b22cbd7f7f4171d.xcbuilddata
ClangStatCache /Applications/Xcode_16.4.app/Contents/Developer/Toolchains/XcodeDefault.xctoolchain/usr/bin/clang-stat-cache /Applications/Xcode_16.4.app/Contents/Developer/Platforms/iPhoneOS.platform/Developer/SDKs/iPhoneOS18.5.sdk /Users/runner/work/pure-bilibili-rethinking/pure-bilibili-rethinking/build/ios-derived-data/SDKStatCaches.noindex/iphoneos18.5-22F76-a529daf784b3616c7c04a36aeb7f5c05.sdkstatcache
    cd /Users/runner/work/pure-bilibili-rethinking/pure-bilibili-rethinking/ios/Paladala/Paladala.xcodeproj
    /Applications/Xcode_16.4.app/Contents/Developer/Toolchains/XcodeDefault.xctoolchain/usr/bin/clang-stat-cache /Applications/Xcode_16.4.app/Contents/Developer/Platforms/iPhoneOS.platform/Developer/SDKs/iPhoneOS18.5.sdk -o /Users/runner/work/pure-bilibili-rethinking/pure-bilibili-rethinking/build/ios-derived-data/SDKStatCaches.noindex/iphoneos18.5-22F76-a529daf784b3616c7c04a36aeb7f5c05.sdkstatcache

CreateBuildDirectory /Users/runner/work/pure-bilibili-rethinking/pure-bilibili-rethinking/build/ios-derived-data/Build/Products
    cd /Users/runner/work/pure-bilibili-rethinking/pure-bilibili-rethinking/ios/Paladala/Paladala.xcodeproj
    builtin-create-build-directory /Users/runner/work/pure-bilibili-rethinking/pure-bilibili-rethinking/build/ios-derived-data/Build/Products

CreateBuildDirectory /Users/runner/work/pure-bilibili-rethinking/pure-bilibili-rethinking/build/ios-derived-data/Build/Intermediates.noindex
    cd /Users/runner/work/pure-bilibili-rethinking/pure-bilibili-rethinking/ios/Paladala/Paladala.xcodeproj
    builtin-create-build-directory /Users/runner/work/pure-bilibili-rethinking/pure-bilibili-rethinking/build/ios-derived-data/Build/Intermediates.noindex

CreateBuildDirectory /Users/runner/work/pure-bilibili-rethinking/pure-bilibili-rethinking/build/ios-derived-data/Build/Products/Release-iphoneos
    cd /Users/runner/work/pure-bilibili-rethinking/pure-bilibili-rethinking/ios/Paladala/Paladala.xcodeproj
    builtin-create-build-directory /Users/runner/work/pure-bilibili-rethinking/pure-bilibili-rethinking/build/ios-derived-data/Build/Products/Release-iphoneos

WriteAuxiliaryFile /Users/runner/work/pure-bilibili-rethinking/pure-bilibili-rethinking/build/ios-derived-data/Build/Intermediates.noindex/Paladala.build/Release-iphoneos/Paladala-a5582221b976af76ed8cb913eff751ef-VFS-iphoneos/all-product-headers.yaml
    cd /Users/runner/work/pure-bilibili-rethinking/pure-bilibili-rethinking/ios/Paladala/Paladala.xcodeproj
    write-file /Users/runner/work/pure-bilibili-rethinking/pure-bilibili-rethinking/build/ios-derived-data/Build/Intermediates.noindex/Paladala.build/Release-iphoneos/Paladala-a5582221b976af76ed8cb913eff751ef-VFS-iphoneos/all-product-headers.yaml

CreateBuildDirectory /Users/runner/work/pure-bilibili-rethinking/pure-bilibili-rethinking/build/ios-derived-data/Build/Intermediates.noindex/EagerLinkingTBDs/Release-iphoneos
    cd /Users/runner/work/pure-bilibili-rethinking/pure-bilibili-rethinking/ios/Paladala/Paladala.xcodeproj
    builtin-create-build-directory /Users/runner/work/pure-bilibili-rethinking/pure-bilibili-rethinking/build/ios-derived-data/Build/Intermediates.noindex/EagerLinkingTBDs/Release-iphoneos

WriteAuxiliaryFile /Users/runner/work/pure-bilibili-rethinking/pure-bilibili-rethinking/build/ios-derived-data/Build/Intermediates.noindex/Paladala.build/Release-iphoneos/PaladalaWidget.build/PaladalaWidget.hmap (in target 'PaladalaWidget' from project 'Paladala')
    cd /Users/runner/work/pure-bilibili-rethinking/pure-bilibili-rethinking/ios/Paladala
    write-file /Users/runner/work/pure-bilibili-rethinking/pure-bilibili-rethinking/build/ios-derived-data/Build/Intermediates.noindex/Paladala.build/Release-iphoneos/PaladalaWidget.build/PaladalaWidget.hmap

WriteAuxiliaryFile /Users/runner/work/pure-bilibili-rethinking/pure-bilibili-rethinking/build/ios-derived-data/Build/Intermediates.noindex/Paladala.build/Release-iphoneos/PaladalaWidget.build/PaladalaWidget.DependencyStaticMetadataFileList (in target 'PaladalaWidget' from project 'Paladala')
    cd /Users/runner/work/pure-bilibili-rethinking/pure-bilibili-rethinking/ios/Paladala
    write-file /Users/runner/work/pure-bilibili-rethinking/pure-bilibili-rethinking/build/ios-derived-data/Build/Intermediates.noindex/Paladala.build/Release-iphoneos/PaladalaWidget.build/PaladalaWidget.DependencyStaticMetadataFileList

WriteAuxiliaryFile /Users/runner/work/pure-bilibili-rethinking/pure-bilibili-rethinking/build/ios-derived-data/Build/Intermediates.noindex/Paladala.build/Release-iphoneos/PaladalaWidget.build/PaladalaWidget.DependencyMetadataFileList (in target 'PaladalaWidget' from project 'Paladala')
    cd /Users/runner/work/pure-bilibili-rethinking/pure-bilibili-rethinking/ios/Paladala
    write-file /Users/runner/work/pure-bilibili-rethinking/pure-bilibili-rethinking/build/ios-derived-data/Build/Intermediates.noindex/Paladala.build/Release-iphoneos/PaladalaWidget.build/PaladalaWidget.DependencyMetadataFileList

WriteAuxiliaryFile /Users/runner/work/pure-bilibili-rethinking/pure-bilibili-rethinking/build/ios-derived-data/Build/Intermediates.noindex/Paladala.build/Release-iphoneos/PaladalaWidget.build/PaladalaWidget-project-headers.hmap (in target 'PaladalaWidget' from project 'Paladala')
    cd /Users/runner/work/pure-bilibili-rethinking/pure-bilibili-rethinking/ios/Paladala
    write-file /Users/runner/work/pure-bilibili-rethinking/pure-bilibili-rethinking/build/ios-derived-data/Build/Intermediates.noindex/Paladala.build/Release-iphoneos/PaladalaWidget.build/PaladalaWidget-project-headers.hmap

WriteAuxiliaryFile /Users/runner/work/pure-bilibili-rethinking/pure-bilibili-rethinking/build/ios-derived-data/Build/Intermediates.noindex/Paladala.build/Release-iphoneos/PaladalaWidget.build/PaladalaWidget-own-target-headers.hmap (in target 'PaladalaWidget' from project 'Paladala')
    cd /Users/runner/work/pure-bilibili-rethinking/pure-bilibili-rethinking/ios/Paladala
    write-file /Users/runner/work/pure-bilibili-rethinking/pure-bilibili-rethinking/build/ios-derived-data/Build/Intermediates.noindex/Paladala.build/Release-iphoneos/PaladalaWidget.build/PaladalaWidget-own-target-headers.hmap

WriteAuxiliaryFile /Users/runner/work/pure-bilibili-rethinking/pure-bilibili-rethinking/build/ios-derived-data/Build/Intermediates.noindex/Paladala.build/Release-iphoneos/PaladalaWidget.build/PaladalaWidget-generated-files.hmap (in target 'PaladalaWidget' from project 'Paladala')
    cd /Users/runner/work/pure-bilibili-rethinking/pure-bilibili-rethinking/ios/Paladala
    write-file /Users/runner/work/pure-bilibili-rethinking/pure-bilibili-rethinking/build/ios-derived-data/Build/Intermediates.noindex/Paladala.build/Release-iphoneos/PaladalaWidget.build/PaladalaWidget-generated-files.hmap

WriteAuxiliaryFile /Users/runner/work/pure-bilibili-rethinking/pure-bilibili-rethinking/build/ios-derived-data/Build/Intermediates.noindex/Paladala.build/Release-iphoneos/PaladalaWidget.build/PaladalaWidget-all-target-headers.hmap (in target 'PaladalaWidget' from project 'Paladala')
    cd /Users/runner/work/pure-bilibili-rethinking/pure-bilibili-rethinking/ios/Paladala
    write-file /Users/runner/work/pure-bilibili-rethinking/pure-bilibili-rethinking/build/ios-derived-data/Build/Intermediates.noindex/Paladala.build/Release-iphoneos/PaladalaWidget.build/PaladalaWidget-all-target-headers.hmap

WriteAuxiliaryFile /Users/runner/work/pure-bilibili-rethinking/pure-bilibili-rethinking/build/ios-derived-data/Build/Intermediates.noindex/Paladala.build/Release-iphoneos/PaladalaWidget.build/PaladalaWidget-all-non-framework-target-headers.hmap (in target 'PaladalaWidget' from project 'Paladala')
    cd /Users/runner/work/pure-bilibili-rethinking/pure-bilibili-rethinking/ios/Paladala
    write-file /Users/runner/work/pure-bilibili-rethinking/pure-bilibili-rethinking/build/ios-derived-data/Build/Intermediates.noindex/Paladala.build/Release-iphoneos/PaladalaWidget.build/PaladalaWidget-all-non-framework-target-headers.hmap

WriteAuxiliaryFile /Users/runner/work/pure-bilibili-rethinking/pure-bilibili-rethinking/build/ios-derived-data/Build/Intermediates.noindex/Paladala.build/Release-iphoneos/PaladalaWidget.build/Objects-normal/arm64/PaladalaWidget_const_extract_protocols.json (in target 'PaladalaWidget' from project 'Paladala')
    cd /Users/runner/work/pure-bilibili-rethinking/pure-bilibili-rethinking/ios/Paladala
    write-file /Users/runner/work/pure-bilibili-rethinking/pure-bilibili-rethinking/build/ios-derived-data/Build/Intermediates.noindex/Paladala.build/Release-iphoneos/PaladalaWidget.build/Objects-normal/arm64/PaladalaWidget_const_extract_protocols.json

WriteAuxiliaryFile /Users/runner/work/pure-bilibili-rethinking/pure-bilibili-rethinking/build/ios-derived-data/Build/Intermediates.noindex/Paladala.build/Release-iphoneos/PaladalaWidget.build/Objects-normal/arm64/PaladalaWidget.SwiftFileList (in target 'PaladalaWidget' from project 'Paladala')
    cd /Users/runner/work/pure-bilibili-rethinking/pure-bilibili-rethinking/ios/Paladala
    write-file /Users/runner/work/pure-bilibili-rethinking/pure-bilibili-rethinking/build/ios-derived-data/Build/Intermediates.noindex/Paladala.build/Release-iphoneos/PaladalaWidget.build/Objects-normal/arm64/PaladalaWidget.SwiftFileList

WriteAuxiliaryFile /Users/runner/work/pure-bilibili-rethinking/pure-bilibili-rethinking/build/ios-derived-data/Build/Intermediates.noindex/Paladala.build/Release-iphoneos/PaladalaWidget.build/Objects-normal/arm64/PaladalaWidget.SwiftConstValuesFileList (in target 'PaladalaWidget' from project 'Paladala')
    cd /Users/runner/work/pure-bilibili-rethinking/pure-bilibili-rethinking/ios/Paladala
    write-file /Users/runner/work/pure-bilibili-rethinking/pure-bilibili-rethinking/build/ios-derived-data/Build/Intermediates.noindex/Paladala.build/Release-iphoneos/PaladalaWidget.build/Objects-normal/arm64/PaladalaWidget.SwiftConstValuesFileList

WriteAuxiliaryFile /Users/runner/work/pure-bilibili-rethinking/pure-bilibili-rethinking/build/ios-derived-data/Build/Intermediates.noindex/Paladala.build/Release-iphoneos/PaladalaWidget.build/Objects-normal/arm64/PaladalaWidget.LinkFileList (in target 'PaladalaWidget' from project 'Paladala')
    cd /Users/runner/work/pure-bilibili-rethinking/pure-bilibili-rethinking/ios/Paladala
    write-file /Users/runner/work/pure-bilibili-rethinking/pure-bilibili-rethinking/build/ios-derived-data/Build/Intermediates.noindex/Paladala.build/Release-iphoneos/PaladalaWidget.build/Objects-normal/arm64/PaladalaWidget.LinkFileList

WriteAuxiliaryFile /Users/runner/work/pure-bilibili-rethinking/pure-bilibili-rethinking/build/ios-derived-data/Build/Intermediates.noindex/Paladala.build/Release-iphoneos/PaladalaWidget.build/Objects-normal/arm64/PaladalaWidget-OutputFileMap.json (in target 'PaladalaWidget' from project 'Paladala')
    cd /Users/runner/work/pure-bilibili-rethinking/pure-bilibili-rethinking/ios/Paladala
    write-file /Users/runner/work/pure-bilibili-rethinking/pure-bilibili-rethinking/build/ios-derived-data/Build/Intermediates.noindex/Paladala.build/Release-iphoneos/PaladalaWidget.build/Objects-normal/arm64/PaladalaWidget-OutputFileMap.json

WriteAuxiliaryFile /Users/runner/work/pure-bilibili-rethinking/pure-bilibili-rethinking/build/ios-derived-data/Build/Intermediates.noindex/Paladala.build/Release-iphoneos/Paladala.build/Paladala.hmap (in target 'Paladala' from project 'Paladala')
    cd /Users/runner/work/pure-bilibili-rethinking/pure-bilibili-rethinking/ios/Paladala
    write-file /Users/runner/work/pure-bilibili-rethinking/pure-bilibili-rethinking/build/ios-derived-data/Build/Intermediates.noindex/Paladala.build/Release-iphoneos/Paladala.build/Paladala.hmap

WriteAuxiliaryFile /Users/runner/work/pure-bilibili-rethinking/pure-bilibili-rethinking/build/ios-derived-data/Build/Intermediates.noindex/Paladala.build/Release-iphoneos/Paladala.build/Paladala.DependencyStaticMetadataFileList (in target 'Paladala' from project 'Paladala')
    cd /Users/runner/work/pure-bilibili-rethinking/pure-bilibili-rethinking/ios/Paladala
    write-file /Users/runner/work/pure-bilibili-rethinking/pure-bilibili-rethinking/build/ios-derived-data/Build/Intermediates.noindex/Paladala.build/Release-iphoneos/Paladala.build/Paladala.DependencyStaticMetadataFileList

WriteAuxiliaryFile /Users/runner/work/pure-bilibili-rethinking/pure-bilibili-rethinking/build/ios-derived-data/Build/Intermediates.noindex/Paladala.build/Release-iphoneos/Paladala.build/Paladala.DependencyMetadataFileList (in target 'Paladala' from project 'Paladala')
    cd /Users/runner/work/pure-bilibili-rethinking/pure-bilibili-rethinking/ios/Paladala
    write-file /Users/runner/work/pure-bilibili-rethinking/pure-bilibili-rethinking/build/ios-derived-data/Build/Intermediates.noindex/Paladala.build/Release-iphoneos/Paladala.build/Paladala.DependencyMetadataFileList

WriteAuxiliaryFile /Users/runner/work/pure-bilibili-rethinking/pure-bilibili-rethinking/build/ios-derived-data/Build/Intermediates.noindex/Paladala.build/Release-iphoneos/Paladala.build/Paladala-project-headers.hmap (in target 'Paladala' from project 'Paladala')
    cd /Users/runner/work/pure-bilibili-rethinking/pure-bilibili-rethinking/ios/Paladala
    write-file /Users/runner/work/pure-bilibili-rethinking/pure-bilibili-rethinking/build/ios-derived-data/Build/Intermediates.noindex/Paladala.build/Release-iphoneos/Paladala.build/Paladala-project-headers.hmap

WriteAuxiliaryFile /Users/runner/work/pure-bilibili-rethinking/pure-bilibili-rethinking/build/ios-derived-data/Build/Intermediates.noindex/Paladala.build/Release-iphoneos/Paladala.build/Paladala-own-target-headers.hmap (in target 'Paladala' from project 'Paladala')
    cd /Users/runner/work/pure-bilibili-rethinking/pure-bilibili-rethinking/ios/Paladala
    write-file /Users/runner/work/pure-bilibili-rethinking/pure-bilibili-rethinking/build/ios-derived-data/Build/Intermediates.noindex/Paladala.build/Release-iphoneos/Paladala.build/Paladala-own-target-headers.hmap

WriteAuxiliaryFile /Users/runner/work/pure-bilibili-rethinking/pure-bilibili-rethinking/build/ios-derived-data/Build/Intermediates.noindex/Paladala.build/Release-iphoneos/Paladala.build/Paladala-generated-files.hmap (in target 'Paladala' from project 'Paladala')
    cd /Users/runner/work/pure-bilibili-rethinking/pure-bilibili-rethinking/ios/Paladala
    write-file /Users/runner/work/pure-bilibili-rethinking/pure-bilibili-rethinking/build/ios-derived-data/Build/Intermediates.noindex/Paladala.build/Release-iphoneos/Paladala.build/Paladala-generated-files.hmap

WriteAuxiliaryFile /Users/runner/work/pure-bilibili-rethinking/pure-bilibili-rethinking/build/ios-derived-data/Build/Intermediates.noindex/Paladala.build/Release-iphoneos/Paladala.build/Paladala-all-target-headers.hmap (in target 'Paladala' from project 'Paladala')
    cd /Users/runner/work/pure-bilibili-rethinking/pure-bilibili-rethinking/ios/Paladala
    write-file /Users/runner/work/pure-bilibili-rethinking/pure-bilibili-rethinking/build/ios-derived-data/Build/Intermediates.noindex/Paladala.build/Release-iphoneos/Paladala.build/Paladala-all-target-headers.hmap

WriteAuxiliaryFile /Users/runner/work/pure-bilibili-rethinking/pure-bilibili-rethinking/build/ios-derived-data/Build/Intermediates.noindex/Paladala.build/Release-iphoneos/Paladala.build/Paladala-all-non-framework-target-headers.hmap (in target 'Paladala' from project 'Paladala')
    cd /Users/runner/work/pure-bilibili-rethinking/pure-bilibili-rethinking/ios/Paladala
    write-file /Users/runner/work/pure-bilibili-rethinking/pure-bilibili-rethinking/build/ios-derived-data/Build/Intermediates.noindex/Paladala.build/Release-iphoneos/Paladala.build/Paladala-all-non-framework-target-headers.hmap

WriteAuxiliaryFile /Users/runner/work/pure-bilibili-rethinking/pure-bilibili-rethinking/build/ios-derived-data/Build/Intermediates.noindex/Paladala.build/Release-iphoneos/Paladala.build/Objects-normal/arm64/Paladala_const_extract_protocols.json (in target 'Paladala' from project 'Paladala')
    cd /Users/runner/work/pure-bilibili-rethinking/pure-bilibili-rethinking/ios/Paladala
    write-file /Users/runner/work/pure-bilibili-rethinking/pure-bilibili-rethinking/build/ios-derived-data/Build/Intermediates.noindex/Paladala.build/Release-iphoneos/Paladala.build/Objects-normal/arm64/Paladala_const_extract_protocols.json

WriteAuxiliaryFile /Users/runner/work/pure-bilibili-rethinking/pure-bilibili-rethinking/build/ios-derived-data/Build/Intermediates.noindex/Paladala.build/Release-iphoneos/Paladala.build/Objects-normal/arm64/Paladala.SwiftFileList (in target 'Paladala' from project 'Paladala')
    cd /Users/runner/work/pure-bilibili-rethinking/pure-bilibili-rethinking/ios/Paladala
    write-file /Users/runner/work/pure-bilibili-rethinking/pure-bilibili-rethinking/build/ios-derived-data/Build/Intermediates.noindex/Paladala.build/Release-iphoneos/Paladala.build/Objects-normal/arm64/Paladala.SwiftFileList

WriteAuxiliaryFile /Users/runner/work/pure-bilibili-rethinking/pure-bilibili-rethinking/build/ios-derived-data/Build/Intermediates.noindex/Paladala.build/Release-iphoneos/Paladala.build/Objects-normal/arm64/Paladala.SwiftConstValuesFileList (in target 'Paladala' from project 'Paladala')
    cd /Users/runner/work/pure-bilibili-rethinking/pure-bilibili-rethinking/ios/Paladala
    write-file /Users/runner/work/pure-bilibili-rethinking/pure-bilibili-rethinking/build/ios-derived-data/Build/Intermediates.noindex/Paladala.build/Release-iphoneos/Paladala.build/Objects-normal/arm64/Paladala.SwiftConstValuesFileList

WriteAuxiliaryFile /Users/runner/work/pure-bilibili-rethinking/pure-bilibili-rethinking/build/ios-derived-data/Build/Intermediates.noindex/Paladala.build/Release-iphoneos/Paladala.build/Objects-normal/arm64/Paladala.LinkFileList (in target 'Paladala' from project 'Paladala')
    cd /Users/runner/work/pure-bilibili-rethinking/pure-bilibili-rethinking/ios/Paladala
    write-file /Users/runner/work/pure-bilibili-rethinking/pure-bilibili-rethinking/build/ios-derived-data/Build/Intermediates.noindex/Paladala.build/Release-iphoneos/Paladala.build/Objects-normal/arm64/Paladala.LinkFileList

WriteAuxiliaryFile /Users/runner/work/pure-bilibili-rethinking/pure-bilibili-rethinking/build/ios-derived-data/Build/Intermediates.noindex/Paladala.build/Release-iphoneos/Paladala.build/Objects-normal/arm64/Paladala-OutputFileMap.json (in target 'Paladala' from project 'Paladala')
    cd /Users/runner/work/pure-bilibili-rethinking/pure-bilibili-rethinking/ios/Paladala
    write-file /Users/runner/work/pure-bilibili-rethinking/pure-bilibili-rethinking/build/ios-derived-data/Build/Intermediates.noindex/Paladala.build/Release-iphoneos/Paladala.build/Objects-normal/arm64/Paladala-OutputFileMap.json

MkDir /Users/runner/work/pure-bilibili-rethinking/pure-bilibili-rethinking/build/ios-derived-data/Build/Products/Release-iphoneos/PaladalaWidget.appex (in target 'PaladalaWidget' from project 'Paladala')
    cd /Users/runner/work/pure-bilibili-rethinking/pure-bilibili-rethinking/ios/Paladala
    /bin/mkdir -p /Users/runner/work/pure-bilibili-rethinking/pure-bilibili-rethinking/build/ios-derived-data/Build/Products/Release-iphoneos/PaladalaWidget.appex

MkDir /Users/runner/work/pure-bilibili-rethinking/pure-bilibili-rethinking/build/ios-derived-data/Build/Products/Release-iphoneos/Paladala.app/PlugIns (in target 'Paladala' from project 'Paladala')
    cd /Users/runner/work/pure-bilibili-rethinking/pure-bilibili-rethinking/ios/Paladala
    /bin/mkdir -p /Users/runner/work/pure-bilibili-rethinking/pure-bilibili-rethinking/build/ios-derived-data/Build/Products/Release-iphoneos/Paladala.app/PlugIns

MkDir /Users/runner/work/pure-bilibili-rethinking/pure-bilibili-rethinking/build/ios-derived-data/Build/Products/Release-iphoneos/Paladala.app (in target 'Paladala' from project 'Paladala')
    cd /Users/runner/work/pure-bilibili-rethinking/pure-bilibili-rethinking/ios/Paladala
    /bin/mkdir -p /Users/runner/work/pure-bilibili-rethinking/pure-bilibili-rethinking/build/ios-derived-data/Build/Products/Release-iphoneos/Paladala.app

ProcessInfoPlistFile /Users/runner/work/pure-bilibili-rethinking/pure-bilibili-rethinking/build/ios-derived-data/Build/Products/Release-iphoneos/PaladalaWidget.appex/Info.plist /Users/runner/work/pure-bilibili-rethinking/pure-bilibili-rethinking/ios/Paladala/PaladalaWidget/Info.plist (in target 'PaladalaWidget' from project 'Paladala')
    cd /Users/runner/work/pure-bilibili-rethinking/pure-bilibili-rethinking/ios/Paladala
    builtin-infoPlistUtility /Users/runner/work/pure-bilibili-rethinking/pure-bilibili-rethinking/ios/Paladala/PaladalaWidget/Info.plist -producttype com.apple.product-type.app-extension -expandbuildsettings -format binary -platform iphoneos -requiredArchitecture arm64 -o /Users/runner/work/pure-bilibili-rethinking/pure-bilibili-rethinking/build/ios-derived-data/Build/Products/Release-iphoneos/PaladalaWidget.appex/Info.plist

CpResource /Users/runner/work/pure-bilibili-rethinking/pure-bilibili-rethinking/build/ios-derived-data/Build/Products/Release-iphoneos/PaladalaWidget.appex/PrivacyInfo.xcprivacy /Users/runner/work/pure-bilibili-rethinking/pure-bilibili-rethinking/ios/Paladala/PaladalaWidget/PrivacyInfo.xcprivacy (in target 'PaladalaWidget' from project 'Paladala')
    cd /Users/runner/work/pure-bilibili-rethinking/pure-bilibili-rethinking/ios/Paladala
    builtin-copy -exclude .DS_Store -exclude CVS -exclude .svn -exclude .git -exclude .hg -resolve-src-symlinks /Users/runner/work/pure-bilibili-rethinking/pure-bilibili-rethinking/ios/Paladala/PaladalaWidget/PrivacyInfo.xcprivacy /Users/runner/work/pure-bilibili-rethinking/pure-bilibili-rethinking/build/ios-derived-data/Build/Products/Release-iphoneos/PaladalaWidget.appex

SwiftDriver PaladalaWidget normal arm64 com.apple.xcode.tools.swift.compiler (in target 'PaladalaWidget' from project 'Paladala')
    cd /Users/runner/work/pure-bilibili-rethinking/pure-bilibili-rethinking/ios/Paladala
    builtin-SwiftDriver -- /Applications/Xcode_16.4.app/Contents/Developer/Toolchains/XcodeDefault.xctoolchain/usr/bin/swiftc -module-name PaladalaWidget -O -whole-module-optimization -enforce-exclusivity\=checked @/Users/runner/work/pure-bilibili-rethinking/pure-bilibili-rethinking/build/ios-derived-data/Build/Intermediates.noindex/Paladala.build/Release-iphoneos/PaladalaWidget.build/Objects-normal/arm64/PaladalaWidget.SwiftFileList -enable-experimental-feature DebugDescriptionMacro -sdk /Applications/Xcode_16.4.app/Contents/Developer/Platforms/iPhoneOS.platform/Developer/SDKs/iPhoneOS18.5.sdk -target arm64-apple-ios18.0 -g -module-cache-path /Users/runner/work/pure-bilibili-rethinking/pure-bilibili-rethinking/build/ios-derived-data/ModuleCache.noindex -Xfrontend -serialize-debugging-options -application-extension -swift-version 6 -I /Users/runner/work/pure-bilibili-rethinking/pure-bilibili-rethinking/build/ios-derived-data/Build/Products/Release-iphoneos -F /Users/runner/work/pure-bilibili-rethinking/pure-bilibili-rethinking/build/ios-derived-data/Build/Products/Release-iphoneos -emit-localized-strings -emit-localized-strings-path /Users/runner/work/pure-bilibili-rethinking/pure-bilibili-rethinking/build/ios-derived-data/Build/Intermediates.noindex/Paladala.build/Release-iphoneos/PaladalaWidget.build/Objects-normal/arm64 -c -num-threads 3 -Xcc -ivfsstatcache -Xcc /Users/runner/work/pure-bilibili-rethinking/pure-bilibili-rethinking/build/ios-derived-data/SDKStatCaches.noindex/iphoneos18.5-22F76-a529daf784b3616c7c04a36aeb7f5c05.sdkstatcache -output-file-map /Users/runner/work/pure-bilibili-rethinking/pure-bilibili-rethinking/build/ios-derived-data/Build/Intermediates.noindex/Paladala.build/Release-iphoneos/PaladalaWidget.build/Objects-normal/arm64/PaladalaWidget-OutputFileMap.json -use-frontend-parseable-output -save-temps -no-color-diagnostics -serialize-diagnostics -emit-dependencies -emit-module -emit-module-path /Users/runner/work/pure-bilibili-rethinking/pure-bilibili-rethinking/build/ios-derived-data/Build/Intermediates.noindex/Paladala.build/Release-iphoneos/PaladalaWidget.build/Objects-normal/arm64/PaladalaWidget.swiftmodule -validate-clang-modules-once -clang-build-session-file /Users/runner/work/pure-bilibili-rethinking/pure-bilibili-rethinking/build/ios-derived-data/ModuleCache.noindex/Session.modulevalidation -Xcc -I/Users/runner/work/pure-bilibili-rethinking/pure-bilibili-rethinking/build/ios-derived-data/Build/Intermediates.noindex/Paladala.build/Release-iphoneos/PaladalaWidget.build/swift-overrides.hmap -emit-const-values -Xfrontend -const-gather-protocols-file -Xfrontend /Users/runner/work/pure-bilibili-rethinking/pure-bilibili-rethinking/build/ios-derived-data/Build/Intermediates.noindex/Paladala.build/Release-iphoneos/PaladalaWidget.build/Objects-normal/arm64/PaladalaWidget_const_extract_protocols.json -Xcc -iquote -Xcc /Users/runner/work/pure-bilibili-rethinking/pure-bilibili-rethinking/build/ios-derived-data/Build/Intermediates.noindex/Paladala.build/Release-iphoneos/PaladalaWidget.build/PaladalaWidget-generated-files.hmap -Xcc -I/Users/runner/work/pure-bilibili-rethinking/pure-bilibili-rethinking/build/ios-derived-data/Build/Intermediates.noindex/Paladala.build/Release-iphoneos/PaladalaWidget.build/PaladalaWidget-own-target-headers.hmap -Xcc -I/Users/runner/work/pure-bilibili-rethinking/pure-bilibili-rethinking/build/ios-derived-data/Build/Intermediates.noindex/Paladala.build/Release-iphoneos/PaladalaWidget.build/PaladalaWidget-all-target-headers.hmap -Xcc -iquote -Xcc /Users/runner/work/pure-bilibili-rethinking/pure-bilibili-rethinking/build/ios-derived-data/Build/Intermediates.noindex/Paladala.build/Release-iphoneos/PaladalaWidget.build/PaladalaWidget-project-headers.hmap -Xcc -I/Users/runner/work/pure-bilibili-rethinking/pure-bilibili-rethinking/build/ios-derived-data/Build/Products/Release-iphoneos/include -Xcc -I/Users/runner/work/_temp/ffmpeg-build/arm64/include -Xcc -I/Users/runner/work/pure-bilibili-rethinking/pure-bilibili-rethinking/build/ios-derived-data/Build/Intermediates.noindex/Paladala.build/Release-iphoneos/PaladalaWidget.build/DerivedSources-normal/arm64 -Xcc -I/Users/runner/work/pure-bilibili-rethinking/pure-bilibili-rethinking/build/ios-derived-data/Build/Intermediates.noindex/Paladala.build/Release-iphoneos/PaladalaWidget.build/DerivedSources/arm64 -Xcc -I/Users/runner/work/pure-bilibili-rethinking/pure-bilibili-rethinking/build/ios-derived-data/Build/Intermediates.noindex/Paladala.build/Release-iphoneos/PaladalaWidget.build/DerivedSources -emit-objc-header -emit-objc-header-path /Users/runner/work/pure-bilibili-rethinking/pure-bilibili-rethinking/build/ios-derived-data/Build/Intermediates.noindex/Paladala.build/Release-iphoneos/PaladalaWidget.build/Objects-normal/arm64/PaladalaWidget-Swift.h -working-directory /Users/runner/work/pure-bilibili-rethinking/pure-bilibili-rethinking/ios/Paladala -no-emit-module-separately-wmo

SwiftCompile normal arm64 Compiling\ PaladalaWidgetBundle.swift,\ LiveActivityWidget.swift,\ LiveRoomActivityAttributes.swift /Users/runner/work/pure-bilibili-rethinking/pure-bilibili-rethinking/ios/Paladala/PaladalaWidget/PaladalaWidgetBundle.swift /Users/runner/work/pure-bilibili-rethinking/pure-bilibili-rethinking/ios/Paladala/PaladalaWidget/LiveActivityWidget.swift /Users/runner/work/pure-bilibili-rethinking/pure-bilibili-rethinking/ios/Paladala/Paladala/Shared/LiveRoomActivityAttributes.swift (in target 'PaladalaWidget' from project 'Paladala')

CompileSwift normal arm64 (in target 'PaladalaWidget' from project 'Paladala')
    cd /Users/runner/work/pure-bilibili-rethinking/pure-bilibili-rethinking/ios/Paladala
    

SwiftDriver\ Compilation PaladalaWidget normal arm64 com.apple.xcode.tools.swift.compiler (in target 'PaladalaWidget' from project 'Paladala')
    cd /Users/runner/work/pure-bilibili-rethinking/pure-bilibili-rethinking/ios/Paladala
    builtin-Swift-Compilation -- /Applications/Xcode_16.4.app/Contents/Developer/Toolchains/XcodeDefault.xctoolchain/usr/bin/swiftc -module-name PaladalaWidget -O -whole-module-optimization -enforce-exclusivity\=checked @/Users/runner/work/pure-bilibili-rethinking/pure-bilibili-rethinking/build/ios-derived-data/Build/Intermediates.noindex/Paladala.build/Release-iphoneos/PaladalaWidget.build/Objects-normal/arm64/PaladalaWidget.SwiftFileList -enable-experimental-feature DebugDescriptionMacro -sdk /Applications/Xcode_16.4.app/Contents/Developer/Platforms/iPhoneOS.platform/Developer/SDKs/iPhoneOS18.5.sdk -target arm64-apple-ios18.0 -g -module-cache-path /Users/runner/work/pure-bilibili-rethinking/pure-bilibili-rethinking/build/ios-derived-data/ModuleCache.noindex -Xfrontend -serialize-debugging-options -application-extension -swift-version 6 -I /Users/runner/work/pure-bilibili-rethinking/pure-bilibili-rethinking/build/ios-derived-data/Build/Products/Release-iphoneos -F /Users/runner/work/pure-bilibili-rethinking/pure-bilibili-rethinking/build/ios-derived-data/Build/Products/Release-iphoneos -emit-localized-strings -emit-localized-strings-path /Users/runner/work/pure-bilibili-rethinking/pure-bilibili-rethinking/build/ios-derived-data/Build/Intermediates.noindex/Paladala.build/Release-iphoneos/PaladalaWidget.build/Objects-normal/arm64 -c -num-threads 3 -Xcc -ivfsstatcache -Xcc /Users/runner/work/pure-bilibili-rethinking/pure-bilibili-rethinking/build/ios-derived-data/SDKStatCaches.noindex/iphoneos18.5-22F76-a529daf784b3616c7c04a36aeb7f5c05.sdkstatcache -output-file-map /Users/runner/work/pure-bilibili-rethinking/pure-bilibili-rethinking/build/ios-derived-data/Build/Intermediates.noindex/Paladala.build/Release-iphoneos/PaladalaWidget.build/Objects-normal/arm64/PaladalaWidget-OutputFileMap.json -use-frontend-parseable-output -save-temps -no-color-diagnostics -serialize-diagnostics -emit-dependencies -emit-module -emit-module-path /Users/runner/work/pure-bilibili-rethinking/pure-bilibili-rethinking/build/ios-derived-data/Build/Intermediates.noindex/Paladala.build/Release-iphoneos/PaladalaWidget.build/Objects-normal/arm64/PaladalaWidget.swiftmodule -validate-clang-modules-once -clang-build-session-file /Users/runner/work/pure-bilibili-rethinking/pure-bilibili-rethinking/build/ios-derived-data/ModuleCache.noindex/Session.modulevalidation -Xcc -I/Users/runner/work/pure-bilibili-rethinking/pure-bilibili-rethinking/build/ios-derived-data/Build/Intermediates.noindex/Paladala.build/Release-iphoneos/PaladalaWidget.build/swift-overrides.hmap -emit-const-values -Xfrontend -const-gather-protocols-file -Xfrontend /Users/runner/work/pure-bilibili-rethinking/pure-bilibili-rethinking/build/ios-derived-data/Build/Intermediates.noindex/Paladala.build/Release-iphoneos/PaladalaWidget.build/Objects-normal/arm64/PaladalaWidget_const_extract_protocols.json -Xcc -iquote -Xcc /Users/runner/work/pure-bilibili-rethinking/pure-bilibili-rethinking/build/ios-derived-data/Build/Intermediates.noindex/Paladala.build/Release-iphoneos/PaladalaWidget.build/PaladalaWidget-generated-files.hmap -Xcc -I/Users/runner/work/pure-bilibili-rethinking/pure-bilibili-rethinking/build/ios-derived-data/Build/Intermediates.noindex/Paladala.build/Release-iphoneos/PaladalaWidget.build/PaladalaWidget-own-target-headers.hmap -Xcc -I/Users/runner/work/pure-bilibili-rethinking/pure-bilibili-rethinking/build/ios-derived-data/Build/Intermediates.noindex/Paladala.build/Release-iphoneos/PaladalaWidget.build/PaladalaWidget-all-target-headers.hmap -Xcc -iquote -Xcc /Users/runner/work/pure-bilibili-rethinking/pure-bilibili-rethinking/build/ios-derived-data/Build/Intermediates.noindex/Paladala.build/Release-iphoneos/PaladalaWidget.build/PaladalaWidget-project-headers.hmap -Xcc -I/Users/runner/work/pure-bilibili-rethinking/pure-bilibili-rethinking/build/ios-derived-data/Build/Products/Release-iphoneos/include -Xcc -I/Users/runner/work/_temp/ffmpeg-build/arm64/include -Xcc -I/Users/runner/work/pure-bilibili-rethinking/pure-bilibili-rethinking/build/ios-derived-data/Build/Intermediates.noindex/Paladala.build/Release-iphoneos/PaladalaWidget.build/DerivedSources-normal/arm64 -Xcc -I/Users/runner/work/pure-bilibili-rethinking/pure-bilibili-rethinking/build/ios-derived-data/Build/Intermediates.noindex/Paladala.build/Release-iphoneos/PaladalaWidget.build/DerivedSources/arm64 -Xcc -I/Users/runner/work/pure-bilibili-rethinking/pure-bilibili-rethinking/build/ios-derived-data/Build/Intermediates.noindex/Paladala.build/Release-iphoneos/PaladalaWidget.build/DerivedSources -emit-objc-header -emit-objc-header-path /Users/runner/work/pure-bilibili-rethinking/pure-bilibili-rethinking/build/ios-derived-data/Build/Intermediates.noindex/Paladala.build/Release-iphoneos/PaladalaWidget.build/Objects-normal/arm64/PaladalaWidget-Swift.h -working-directory /Users/runner/work/pure-bilibili-rethinking/pure-bilibili-rethinking/ios/Paladala -no-emit-module-separately-wmo

SwiftDriverJobDiscovery normal arm64 Compiling PaladalaWidgetBundle.swift, LiveActivityWidget.swift, LiveRoomActivityAttributes.swift (in target 'PaladalaWidget' from project 'Paladala')

SwiftDriver\ Compilation\ Requirements PaladalaWidget normal arm64 com.apple.xcode.tools.swift.compiler (in target 'PaladalaWidget' from project 'Paladala')
    cd /Users/runner/work/pure-bilibili-rethinking/pure-bilibili-rethinking/ios/Paladala
    builtin-Swift-Compilation-Requirements -- /Applications/Xcode_16.4.app/Contents/Developer/Toolchains/XcodeDefault.xctoolchain/usr/bin/swiftc -module-name PaladalaWidget -O -whole-module-optimization -enforce-exclusivity\=checked @/Users/runner/work/pure-bilibili-rethinking/pure-bilibili-rethinking/build/ios-derived-data/Build/Intermediates.noindex/Paladala.build/Release-iphoneos/PaladalaWidget.build/Objects-normal/arm64/PaladalaWidget.SwiftFileList -enable-experimental-feature DebugDescriptionMacro -sdk /Applications/Xcode_16.4.app/Contents/Developer/Platforms/iPhoneOS.platform/Developer/SDKs/iPhoneOS18.5.sdk -target arm64-apple-ios18.0 -g -module-cache-path /Users/runner/work/pure-bilibili-rethinking/pure-bilibili-rethinking/build/ios-derived-data/ModuleCache.noindex -Xfrontend -serialize-debugging-options -application-extension -swift-version 6 -I /Users/runner/work/pure-bilibili-rethinking/pure-bilibili-rethinking/build/ios-derived-data/Build/Products/Release-iphoneos -F /Users/runner/work/pure-bilibili-rethinking/pure-bilibili-rethinking/build/ios-derived-data/Build/Products/Release-iphoneos -emit-localized-strings -emit-localized-strings-path /Users/runner/work/pure-bilibili-rethinking/pure-bilibili-rethinking/build/ios-derived-data/Build/Intermediates.noindex/Paladala.build/Release-iphoneos/PaladalaWidget.build/Objects-normal/arm64 -c -num-threads 3 -Xcc -ivfsstatcache -Xcc /Users/runner/work/pure-bilibili-rethinking/pure-bilibili-rethinking/build/ios-derived-data/SDKStatCaches.noindex/iphoneos18.5-22F76-a529daf784b3616c7c04a36aeb7f5c05.sdkstatcache -output-file-map /Users/runner/work/pure-bilibili-rethinking/pure-bilibili-rethinking/build/ios-derived-data/Build/Intermediates.noindex/Paladala.build/Release-iphoneos/PaladalaWidget.build/Objects-normal/arm64/PaladalaWidget-OutputFileMap.json -use-frontend-parseable-output -save-temps -no-color-diagnostics -serialize-diagnostics -emit-dependencies -emit-module -emit-module-path /Users/runner/work/pure-bilibili-rethinking/pure-bilibili-rethinking/build/ios-derived-data/Build/Intermediates.noindex/Paladala.build/Release-iphoneos/PaladalaWidget.build/Objects-normal/arm64/PaladalaWidget.swiftmodule -validate-clang-modules-once -clang-build-session-file /Users/runner/work/pure-bilibili-rethinking/pure-bilibili-rethinking/build/ios-derived-data/ModuleCache.noindex/Session.modulevalidation -Xcc -I/Users/runner/work/pure-bilibili-rethinking/pure-bilibili-rethinking/build/ios-derived-data/Build/Intermediates.noindex/Paladala.build/Release-iphoneos/PaladalaWidget.build/swift-overrides.hmap -emit-const-values -Xfrontend -const-gather-protocols-file -Xfrontend /Users/runner/work/pure-bilibili-rethinking/pure-bilibili-rethinking/build/ios-derived-data/Build/Intermediates.noindex/Paladala.build/Release-iphoneos/PaladalaWidget.build/Objects-normal/arm64/PaladalaWidget_const_extract_protocols.json -Xcc -iquote -Xcc /Users/runner/work/pure-bilibili-rethinking/pure-bilibili-rethinking/build/ios-derived-data/Build/Intermediates.noindex/Paladala.build/Release-iphoneos/PaladalaWidget.build/PaladalaWidget-generated-files.hmap -Xcc -I/Users/runner/work/pure-bilibili-rethinking/pure-bilibili-rethinking/build/ios-derived-data/Build/Intermediates.noindex/Paladala.build/Release-iphoneos/PaladalaWidget.build/PaladalaWidget-own-target-headers.hmap -Xcc -I/Users/runner/work/pure-bilibili-rethinking/pure-bilibili-rethinking/build/ios-derived-data/Build/Intermediates.noindex/Paladala.build/Release-iphoneos/PaladalaWidget.build/PaladalaWidget-all-target-headers.hmap -Xcc -iquote -Xcc /Users/runner/work/pure-bilibili-rethinking/pure-bilibili-rethinking/build/ios-derived-data/Build/Intermediates.noindex/Paladala.build/Release-iphoneos/PaladalaWidget.build/PaladalaWidget-project-headers.hmap -Xcc -I/Users/runner/work/pure-bilibili-rethinking/pure-bilibili-rethinking/build/ios-derived-data/Build/Products/Release-iphoneos/include -Xcc -I/Users/runner/work/_temp/ffmpeg-build/arm64/include -Xcc -I/Users/runner/work/pure-bilibili-rethinking/pure-bilibili-rethinking/build/ios-derived-data/Build/Intermediates.noindex/Paladala.build/Release-iphoneos/PaladalaWidget.build/DerivedSources-normal/arm64 -Xcc -I/Users/runner/work/pure-bilibili-rethinking/pure-bilibili-rethinking/build/ios-derived-data/Build/Intermediates.noindex/Paladala.build/Release-iphoneos/PaladalaWidget.build/DerivedSources/arm64 -Xcc -I/Users/runner/work/pure-bilibili-rethinking/pure-bilibili-rethinking/build/ios-derived-data/Build/Intermediates.noindex/Paladala.build/Release-iphoneos/PaladalaWidget.build/DerivedSources -emit-objc-header -emit-objc-header-path /Users/runner/work/pure-bilibili-rethinking/pure-bilibili-rethinking/build/ios-derived-data/Build/Intermediates.noindex/Paladala.build/Release-iphoneos/PaladalaWidget.build/Objects-normal/arm64/PaladalaWidget-Swift.h -working-directory /Users/runner/work/pure-bilibili-rethinking/pure-bilibili-rethinking/ios/Paladala -no-emit-module-separately-wmo

SwiftMergeGeneratedHeaders /Users/runner/work/pure-bilibili-rethinking/pure-bilibili-rethinking/build/ios-derived-data/Build/Intermediates.noindex/Paladala.build/Release-iphoneos/PaladalaWidget.build/DerivedSources/PaladalaWidget-Swift.h /Users/runner/work/pure-bilibili-rethinking/pure-bilibili-rethinking/build/ios-derived-data/Build/Intermediates.noindex/Paladala.build/Release-iphoneos/PaladalaWidget.build/Objects-normal/arm64/PaladalaWidget-Swift.h (in target 'PaladalaWidget' from project 'Paladala')
    cd /Users/runner/work/pure-bilibili-rethinking/pure-bilibili-rethinking/ios/Paladala
    builtin-swiftHeaderTool -arch arm64 /Users/runner/work/pure-bilibili-rethinking/pure-bilibili-rethinking/build/ios-derived-data/Build/Intermediates.noindex/Paladala.build/Release-iphoneos/PaladalaWidget.build/Objects-normal/arm64/PaladalaWidget-Swift.h -o /Users/runner/work/pure-bilibili-rethinking/pure-bilibili-rethinking/build/ios-derived-data/Build/Intermediates.noindex/Paladala.build/Release-iphoneos/PaladalaWidget.build/DerivedSources/PaladalaWidget-Swift.h

Copy /Users/runner/work/pure-bilibili-rethinking/pure-bilibili-rethinking/build/ios-derived-data/Build/Products/Release-iphoneos/PaladalaWidget.swiftmodule/arm64-apple-ios.swiftmodule /Users/runner/work/pure-bilibili-rethinking/pure-bilibili-rethinking/build/ios-derived-data/Build/Intermediates.noindex/Paladala.build/Release-iphoneos/PaladalaWidget.build/Objects-normal/arm64/PaladalaWidget.swiftmodule (in target 'PaladalaWidget' from project 'Paladala')
    cd /Users/runner/work/pure-bilibili-rethinking/pure-bilibili-rethinking/ios/Paladala
    builtin-copy -exclude .DS_Store -exclude CVS -exclude .svn -exclude .git -exclude .hg -resolve-src-symlinks -rename /Users/runner/work/pure-bilibili-rethinking/pure-bilibili-rethinking/build/ios-derived-data/Build/Intermediates.noindex/Paladala.build/Release-iphoneos/PaladalaWidget.build/Objects-normal/arm64/PaladalaWidget.swiftmodule /Users/runner/work/pure-bilibili-rethinking/pure-bilibili-rethinking/build/ios-derived-data/Build/Products/Release-iphoneos/PaladalaWidget.swiftmodule/arm64-apple-ios.swiftmodule

Copy /Users/runner/work/pure-bilibili-rethinking/pure-bilibili-rethinking/build/ios-derived-data/Build/Products/Release-iphoneos/PaladalaWidget.swiftmodule/arm64-apple-ios.swiftdoc /Users/runner/work/pure-bilibili-rethinking/pure-bilibili-rethinking/build/ios-derived-data/Build/Intermediates.noindex/Paladala.build/Release-iphoneos/PaladalaWidget.build/Objects-normal/arm64/PaladalaWidget.swiftdoc (in target 'PaladalaWidget' from project 'Paladala')
    cd /Users/runner/work/pure-bilibili-rethinking/pure-bilibili-rethinking/ios/Paladala
    builtin-copy -exclude .DS_Store -exclude CVS -exclude .svn -exclude .git -exclude .hg -resolve-src-symlinks -rename /Users/runner/work/pure-bilibili-rethinking/pure-bilibili-rethinking/build/ios-derived-data/Build/Intermediates.noindex/Paladala.build/Release-iphoneos/PaladalaWidget.build/Objects-normal/arm64/PaladalaWidget.swiftdoc /Users/runner/work/pure-bilibili-rethinking/pure-bilibili-rethinking/build/ios-derived-data/Build/Products/Release-iphoneos/PaladalaWidget.swiftmodule/arm64-apple-ios.swiftdoc

Copy /Users/runner/work/pure-bilibili-rethinking/pure-bilibili-rethinking/build/ios-derived-data/Build/Products/Release-iphoneos/PaladalaWidget.swiftmodule/arm64-apple-ios.abi.json /Users/runner/work/pure-bilibili-rethinking/pure-bilibili-rethinking/build/ios-derived-data/Build/Intermediates.noindex/Paladala.build/Release-iphoneos/PaladalaWidget.build/Objects-normal/arm64/PaladalaWidget.abi.json (in target 'PaladalaWidget' from project 'Paladala')
    cd /Users/runner/work/pure-bilibili-rethinking/pure-bilibili-rethinking/ios/Paladala
    builtin-copy -exclude .DS_Store -exclude CVS -exclude .svn -exclude .git -exclude .hg -resolve-src-symlinks -rename /Users/runner/work/pure-bilibili-rethinking/pure-bilibili-rethinking/build/ios-derived-data/Build/Intermediates.noindex/Paladala.build/Release-iphoneos/PaladalaWidget.build/Objects-normal/arm64/PaladalaWidget.abi.json /Users/runner/work/pure-bilibili-rethinking/pure-bilibili-rethinking/build/ios-derived-data/Build/Products/Release-iphoneos/PaladalaWidget.swiftmodule/arm64-apple-ios.abi.json

Copy /Users/runner/work/pure-bilibili-rethinking/pure-bilibili-rethinking/build/ios-derived-data/Build/Products/Release-iphoneos/PaladalaWidget.swiftmodule/Project/arm64-apple-ios.swiftsourceinfo /Users/runner/work/pure-bilibili-rethinking/pure-bilibili-rethinking/build/ios-derived-data/Build/Intermediates.noindex/Paladala.build/Release-iphoneos/PaladalaWidget.build/Objects-normal/arm64/PaladalaWidget.swiftsourceinfo (in target 'PaladalaWidget' from project 'Paladala')
    cd /Users/runner/work/pure-bilibili-rethinking/pure-bilibili-rethinking/ios/Paladala
    builtin-copy -exclude .DS_Store -exclude CVS -exclude .svn -exclude .git -exclude .hg -resolve-src-symlinks -rename /Users/runner/work/pure-bilibili-rethinking/pure-bilibili-rethinking/build/ios-derived-data/Build/Intermediates.noindex/Paladala.build/Release-iphoneos/PaladalaWidget.build/Objects-normal/arm64/PaladalaWidget.swiftsourceinfo /Users/runner/work/pure-bilibili-rethinking/pure-bilibili-rethinking/build/ios-derived-data/Build/Products/Release-iphoneos/PaladalaWidget.swiftmodule/Project/arm64-apple-ios.swiftsourceinfo

Ld /Users/runner/work/pure-bilibili-rethinking/pure-bilibili-rethinking/build/ios-derived-data/Build/Products/Release-iphoneos/PaladalaWidget.appex/PaladalaWidget normal (in target 'PaladalaWidget' from project 'Paladala')
    cd /Users/runner/work/pure-bilibili-rethinking/pure-bilibili-rethinking/ios/Paladala
    /Applications/Xcode_16.4.app/Contents/Developer/Toolchains/XcodeDefault.xctoolchain/usr/bin/clang -Xlinker -reproducible -target arm64-apple-ios18.0 -isysroot /Applications/Xcode_16.4.app/Contents/Developer/Platforms/iPhoneOS.platform/Developer/SDKs/iPhoneOS18.5.sdk -Os -L/Users/runner/work/pure-bilibili-rethinking/pure-bilibili-rethinking/build/ios-derived-data/Build/Intermediates.noindex/EagerLinkingTBDs/Release-iphoneos -L/Users/runner/work/pure-bilibili-rethinking/pure-bilibili-rethinking/build/ios-derived-data/Build/Products/Release-iphoneos -L/Users/runner/work/_temp/ffmpeg-build/arm64/lib -F/Users/runner/work/pure-bilibili-rethinking/pure-bilibili-rethinking/build/ios-derived-data/Build/Intermediates.noindex/EagerLinkingTBDs/Release-iphoneos -F/Users/runner/work/pure-bilibili-rethinking/pure-bilibili-rethinking/build/ios-derived-data/Build/Products/Release-iphoneos -filelist /Users/runner/work/pure-bilibili-rethinking/pure-bilibili-rethinking/build/ios-derived-data/Build/Intermediates.noindex/Paladala.build/Release-iphoneos/PaladalaWidget.build/Objects-normal/arm64/PaladalaWidget.LinkFileList -Xlinker -rpath -Xlinker @executable_path/Frameworks -Xlinker -rpath -Xlinker @executable_path/../../Frameworks -dead_strip -Xlinker -object_path_lto -Xlinker /Users/runner/work/pure-bilibili-rethinking/pure-bilibili-rethinking/build/ios-derived-data/Build/Intermediates.noindex/Paladala.build/Release-iphoneos/PaladalaWidget.build/Objects-normal/arm64/PaladalaWidget_lto.o -Xlinker -dependency_info -Xlinker /Users/runner/work/pure-bilibili-rethinking/pure-bilibili-rethinking/build/ios-derived-data/Build/Intermediates.noindex/Paladala.build/Release-iphoneos/PaladalaWidget.build/Objects-normal/arm64/PaladalaWidget_dependency_info.dat -e _NSExtensionMain -fapplication-extension -fobjc-link-runtime -L/Applications/Xcode_16.4.app/Contents/Developer/Toolchains/XcodeDefault.xctoolchain/usr/lib/swift/iphoneos -L/usr/lib/swift -Xlinker -add_ast_path -Xlinker /Users/runner/work/pure-bilibili-rethinking/pure-bilibili-rethinking/build/ios-derived-data/Build/Intermediates.noindex/Paladala.build/Release-iphoneos/PaladalaWidget.build/Objects-normal/arm64/PaladalaWidget.swiftmodule -lavformat -lavcodec -lavutil -lswresample -liconv -lz -o /Users/runner/work/pure-bilibili-rethinking/pure-bilibili-rethinking/build/ios-derived-data/Build/Products/Release-iphoneos/PaladalaWidget.appex/PaladalaWidget

MkDir /Users/runner/work/pure-bilibili-rethinking/pure-bilibili-rethinking/build/ios-derived-data/Build/Intermediates.noindex/Paladala.build/Release-iphoneos/Paladala.build/assetcatalog_output/unthinned (in target 'Paladala' from project 'Paladala')
    cd /Users/runner/work/pure-bilibili-rethinking/pure-bilibili-rethinking/ios/Paladala
    /bin/mkdir -p /Users/runner/work/pure-bilibili-rethinking/pure-bilibili-rethinking/build/ios-derived-data/Build/Intermediates.noindex/Paladala.build/Release-iphoneos/Paladala.build/assetcatalog_output/unthinned

MkDir /Users/runner/work/pure-bilibili-rethinking/pure-bilibili-rethinking/build/ios-derived-data/Build/Intermediates.noindex/Paladala.build/Release-iphoneos/Paladala.build/assetcatalog_output/thinned (in target 'Paladala' from project 'Paladala')
    cd /Users/runner/work/pure-bilibili-rethinking/pure-bilibili-rethinking/ios/Paladala
    /bin/mkdir -p /Users/runner/work/pure-bilibili-rethinking/pure-bilibili-rethinking/build/ios-derived-data/Build/Intermediates.noindex/Paladala.build/Release-iphoneos/Paladala.build/assetcatalog_output/thinned

GenerateAssetSymbols /Users/runner/work/pure-bilibili-rethinking/pure-bilibili-rethinking/ios/Paladala/Paladala/Assets.xcassets (in target 'Paladala' from project 'Paladala')
    cd /Users/runner/work/pure-bilibili-rethinking/pure-bilibili-rethinking/ios/Paladala
    /Applications/Xcode_16.4.app/Contents/Developer/usr/bin/actool /Users/runner/work/pure-bilibili-rethinking/pure-bilibili-rethinking/ios/Paladala/Paladala/Assets.xcassets --compile /Users/runner/work/pure-bilibili-rethinking/pure-bilibili-rethinking/build/ios-derived-data/Build/Products/Release-iphoneos/Paladala.app --output-format human-readable-text --notices --warnings --export-dependency-info /Users/runner/work/pure-bilibili-rethinking/pure-bilibili-rethinking/build/ios-derived-data/Build/Intermediates.noindex/Paladala.build/Release-iphoneos/Paladala.build/assetcatalog_dependencies --output-partial-info-plist /Users/runner/work/pure-bilibili-rethinking/pure-bilibili-rethinking/build/ios-derived-data/Build/Intermediates.noindex/Paladala.build/Release-iphoneos/Paladala.build/assetcatalog_generated_info.plist --app-icon AppIcon --compress-pngs --enable-on-demand-resources YES --development-region en --target-device iphone --target-device ipad --minimum-deployment-target 18.0 --platform iphoneos --bundle-identifier com.dt.paladala --generate-swift-asset-symbol-extensions NO --generate-swift-asset-symbols /Users/runner/work/pure-bilibili-rethinking/pure-bilibili-rethinking/build/ios-derived-data/Build/Intermediates.noindex/Paladala.build/Release-iphoneos/Paladala.build/DerivedSources/GeneratedAssetSymbols.swift --generate-objc-asset-symbols /Users/runner/work/pure-bilibili-rethinking/pure-bilibili-rethinking/build/ios-derived-data/Build/Intermediates.noindex/Paladala.build/Release-iphoneos/Paladala.build/DerivedSources/GeneratedAssetSymbols.h --generate-asset-symbol-index /Users/runner/work/pure-bilibili-rethinking/pure-bilibili-rethinking/build/ios-derived-data/Build/Intermediates.noindex/Paladala.build/Release-iphoneos/Paladala.build/DerivedSources/GeneratedAssetSymbols-Index.plist
/* com.apple.actool.compilation-results */
/Users/runner/work/pure-bilibili-rethinking/pure-bilibili-rethinking/build/ios-derived-data/Build/Intermediates.noindex/Paladala.build/Release-iphoneos/Paladala.build/DerivedSources/GeneratedAssetSymbols-Index.plist
/Users/runner/work/pure-bilibili-rethinking/pure-bilibili-rethinking/build/ios-derived-data/Build/Intermediates.noindex/Paladala.build/Release-iphoneos/Paladala.build/DerivedSources/GeneratedAssetSymbols.h
/Users/runner/work/pure-bilibili-rethinking/pure-bilibili-rethinking/build/ios-derived-data/Build/Intermediates.noindex/Paladala.build/Release-iphoneos/Paladala.build/DerivedSources/GeneratedAssetSymbols.swift


CompileAssetCatalogVariant thinned /Users/runner/work/pure-bilibili-rethinking/pure-bilibili-rethinking/build/ios-derived-data/Build/Products/Release-iphoneos/Paladala.app /Users/runner/work/pure-bilibili-rethinking/pure-bilibili-rethinking/ios/Paladala/Paladala/Assets.xcassets (in target 'Paladala' from project 'Paladala')
    cd /Users/runner/work/pure-bilibili-rethinking/pure-bilibili-rethinking/ios/Paladala
    /Applications/Xcode_16.4.app/Contents/Developer/usr/bin/actool /Users/runner/work/pure-bilibili-rethinking/pure-bilibili-rethinking/ios/Paladala/Paladala/Assets.xcassets --compile /Users/runner/work/pure-bilibili-rethinking/pure-bilibili-rethinking/build/ios-derived-data/Build/Intermediates.noindex/Paladala.build/Release-iphoneos/Paladala.build/assetcatalog_output/thinned --output-format human-readable-text --notices --warnings --export-dependency-info /Users/runner/work/pure-bilibili-rethinking/pure-bilibili-rethinking/build/ios-derived-data/Build/Intermediates.noindex/Paladala.build/Release-iphoneos/Paladala.build/assetcatalog_dependencies_thinned --output-partial-info-plist /Users/runner/work/pure-bilibili-rethinking/pure-bilibili-rethinking/build/ios-derived-data/Build/Intermediates.noindex/Paladala.build/Release-iphoneos/Paladala.build/assetcatalog_generated_info.plist_thinned --app-icon AppIcon --compress-pngs --enable-on-demand-resources YES --development-region en --target-device iphone --target-device ipad --minimum-deployment-target 18.0 --platform iphoneos

GenerateDSYMFile /Users/runner/work/pure-bilibili-rethinking/pure-bilibili-rethinking/build/ios-derived-data/Build/Products/Release-iphoneos/PaladalaWidget.appex.dSYM /Users/runner/work/pure-bilibili-rethinking/pure-bilibili-rethinking/build/ios-derived-data/Build/Products/Release-iphoneos/PaladalaWidget.appex/PaladalaWidget (in target 'PaladalaWidget' from project 'Paladala')
    cd /Users/runner/work/pure-bilibili-rethinking/pure-bilibili-rethinking/ios/Paladala
    /Applications/Xcode_16.4.app/Contents/Developer/Toolchains/XcodeDefault.xctoolchain/usr/bin/dsymutil /Users/runner/work/pure-bilibili-rethinking/pure-bilibili-rethinking/build/ios-derived-data/Build/Products/Release-iphoneos/PaladalaWidget.appex/PaladalaWidget -o /Users/runner/work/pure-bilibili-rethinking/pure-bilibili-rethinking/build/ios-derived-data/Build/Products/Release-iphoneos/PaladalaWidget.appex.dSYM

ExtractAppIntentsMetadata (in target 'PaladalaWidget' from project 'Paladala')
    cd /Users/runner/work/pure-bilibili-rethinking/pure-bilibili-rethinking/ios/Paladala
    /Applications/Xcode_16.4.app/Contents/Developer/Toolchains/XcodeDefault.xctoolchain/usr/bin/appintentsmetadataprocessor --toolchain-dir /Applications/Xcode_16.4.app/Contents/Developer/Toolchains/XcodeDefault.xctoolchain --module-name PaladalaWidget --sdk-root /Applications/Xcode_16.4.app/Contents/Developer/Platforms/iPhoneOS.platform/Developer/SDKs/iPhoneOS18.5.sdk --xcode-version 16F6 --platform-family iOS --deployment-target 18.0 --bundle-identifier com.dt.paladala.PaladalaWidget --output /Users/runner/work/pure-bilibili-rethinking/pure-bilibili-rethinking/build/ios-derived-data/Build/Products/Release-iphoneos/PaladalaWidget.appex --target-triple arm64-apple-ios18.0 --binary-file /Users/runner/work/pure-bilibili-rethinking/pure-bilibili-rethinking/build/ios-derived-data/Build/Products/Release-iphoneos/PaladalaWidget.appex/PaladalaWidget --dependency-file /Users/runner/work/pure-bilibili-rethinking/pure-bilibili-rethinking/build/ios-derived-data/Build/Intermediates.noindex/Paladala.build/Release-iphoneos/PaladalaWidget.build/Objects-normal/arm64/PaladalaWidget_dependency_info.dat --stringsdata-file /Users/runner/work/pure-bilibili-rethinking/pure-bilibili-rethinking/build/ios-derived-data/Build/Intermediates.noindex/Paladala.build/Release-iphoneos/PaladalaWidget.build/Objects-normal/arm64/ExtractedAppShortcutsMetadata.stringsdata --source-file-list /Users/runner/work/pure-bilibili-rethinking/pure-bilibili-rethinking/build/ios-derived-data/Build/Intermediates.noindex/Paladala.build/Release-iphoneos/PaladalaWidget.build/Objects-normal/arm64/PaladalaWidget.SwiftFileList --metadata-file-list /Users/runner/work/pure-bilibili-rethinking/pure-bilibili-rethinking/build/ios-derived-data/Build/Intermediates.noindex/Paladala.build/Release-iphoneos/PaladalaWidget.build/PaladalaWidget.DependencyMetadataFileList --static-metadata-file-list /Users/runner/work/pure-bilibili-rethinking/pure-bilibili-rethinking/build/ios-derived-data/Build/Intermediates.noindex/Paladala.build/Release-iphoneos/PaladalaWidget.build/PaladalaWidget.DependencyStaticMetadataFileList --swift-const-vals-list /Users/runner/work/pure-bilibili-rethinking/pure-bilibili-rethinking/build/ios-derived-data/Build/Intermediates.noindex/Paladala.build/Release-iphoneos/PaladalaWidget.build/Objects-normal/arm64/PaladalaWidget.SwiftConstValuesFileList --compile-time-extraction --deployment-aware-processing --validate-assistant-intents --no-app-shortcuts-localization
2026-08-04 07:56:54.584 appintentsmetadataprocessor[5364:19685] Starting appintentsmetadataprocessor export
2026-08-04 07:56:54.637 appintentsmetadataprocessor[5364:19685] Extracted no relevant App Intents symbols, skipping writing output

AppIntentsSSUTraining (in target 'PaladalaWidget' from project 'Paladala')
    cd /Users/runner/work/pure-bilibili-rethinking/pure-bilibili-rethinking/ios/Paladala
    /Applications/Xcode_16.4.app/Contents/Developer/Toolchains/XcodeDefault.xctoolchain/usr/bin/appintentsnltrainingprocessor --infoplist-path /Users/runner/work/pure-bilibili-rethinking/pure-bilibili-rethinking/build/ios-derived-data/Build/Products/Release-iphoneos/PaladalaWidget.appex/Info.plist --temp-dir-path /Users/runner/work/pure-bilibili-rethinking/pure-bilibili-rethinking/build/ios-derived-data/Build/Intermediates.noindex/Paladala.build/Release-iphoneos/PaladalaWidget.build/ssu --bundle-id com.dt.paladala.PaladalaWidget --product-path /Users/runner/work/pure-bilibili-rethinking/pure-bilibili-rethinking/build/ios-derived-data/Build/Products/Release-iphoneos/PaladalaWidget.appex --extracted-metadata-path /Users/runner/work/pure-bilibili-rethinking/pure-bilibili-rethinking/build/ios-derived-data/Build/Products/Release-iphoneos/PaladalaWidget.appex/Metadata.appintents --metadata-file-list /Users/runner/work/pure-bilibili-rethinking/pure-bilibili-rethinking/build/ios-derived-data/Build/Intermediates.noindex/Paladala.build/Release-iphoneos/PaladalaWidget.build/PaladalaWidget.DependencyMetadataFileList --archive-ssu-assets
2026-08-04 07:56:54.671 appintentsnltrainingprocessor[5365:19689] Parsing options for appintentsnltrainingprocessor
2026-08-04 07:56:54.674 appintentsnltrainingprocessor[5365:19689] No AppShortcuts found - Skipping.

RegisterExecutionPolicyException /Users/runner/work/pure-bilibili-rethinking/pure-bilibili-rethinking/build/ios-derived-data/Build/Products/Release-iphoneos/PaladalaWidget.appex (in target 'PaladalaWidget' from project 'Paladala')
    cd /Users/runner/work/pure-bilibili-rethinking/pure-bilibili-rethinking/ios/Paladala
    builtin-RegisterExecutionPolicyException /Users/runner/work/pure-bilibili-rethinking/pure-bilibili-rethinking/build/ios-derived-data/Build/Products/Release-iphoneos/PaladalaWidget.appex

Touch /Users/runner/work/pure-bilibili-rethinking/pure-bilibili-rethinking/build/ios-derived-data/Build/Products/Release-iphoneos/PaladalaWidget.appex (in target 'PaladalaWidget' from project 'Paladala')
    cd /Users/runner/work/pure-bilibili-rethinking/pure-bilibili-rethinking/ios/Paladala
    /usr/bin/touch -c /Users/runner/work/pure-bilibili-rethinking/pure-bilibili-rethinking/build/ios-derived-data/Build/Products/Release-iphoneos/PaladalaWidget.appex

CpResource /Users/runner/work/pure-bilibili-rethinking/pure-bilibili-rethinking/build/ios-derived-data/Build/Products/Release-iphoneos/Paladala.app/PrivacyInfo.xcprivacy /Users/runner/work/pure-bilibili-rethinking/pure-bilibili-rethinking/ios/Paladala/Paladala/PrivacyInfo.xcprivacy (in target 'Paladala' from project 'Paladala')
    cd /Users/runner/work/pure-bilibili-rethinking/pure-bilibili-rethinking/ios/Paladala
    builtin-copy -exclude .DS_Store -exclude CVS -exclude .svn -exclude .git -exclude .hg -resolve-src-symlinks /Users/runner/work/pure-bilibili-rethinking/pure-bilibili-rethinking/ios/Paladala/Paladala/PrivacyInfo.xcprivacy /Users/runner/work/pure-bilibili-rethinking/pure-bilibili-rethinking/build/ios-derived-data/Build/Products/Release-iphoneos/Paladala.app

CpResource /Users/runner/work/pure-bilibili-rethinking/pure-bilibili-rethinking/build/ios-derived-data/Build/Products/Release-iphoneos/Paladala.app/Plugins /Users/runner/work/pure-bilibili-rethinking/pure-bilibili-rethinking/ios/Paladala/Paladala/Plugins (in target 'Paladala' from project 'Paladala')
    cd /Users/runner/work/pure-bilibili-rethinking/pure-bilibili-rethinking/ios/Paladala
    builtin-copy -exclude .DS_Store -exclude CVS -exclude .svn -exclude .git -exclude .hg -resolve-src-symlinks /Users/runner/work/pure-bilibili-rethinking/pure-bilibili-rethinking/ios/Paladala/Paladala/Plugins /Users/runner/work/pure-bilibili-rethinking/pure-bilibili-rethinking/build/ios-derived-data/Build/Products/Release-iphoneos/Paladala.app

SwiftDriver\ Compilation\ Requirements Paladala normal arm64 com.apple.xcode.tools.swift.compiler (in target 'Paladala' from project 'Paladala')
    cd /Users/runner/work/pure-bilibili-rethinking/pure-bilibili-rethinking/ios/Paladala
    builtin-Swift-Compilation-Requirements -- /Applications/Xcode_16.4.app/Contents/Developer/Toolchains/XcodeDefault.xctoolchain/usr/bin/swiftc -module-name Paladala -O -whole-module-optimization -enforce-exclusivity\=checked @/Users/runner/work/pure-bilibili-rethinking/pure-bilibili-rethinking/build/ios-derived-data/Build/Intermediates.noindex/Paladala.build/Release-iphoneos/Paladala.build/Objects-normal/arm64/Paladala.SwiftFileList -enable-experimental-feature DebugDescriptionMacro -sdk /Applications/Xcode_16.4.app/Contents/Developer/Platforms/iPhoneOS.platform/Developer/SDKs/iPhoneOS18.5.sdk -target arm64-apple-ios18.0 -g -module-cache-path /Users/runner/work/pure-bilibili-rethinking/pure-bilibili-rethinking/build/ios-derived-data/ModuleCache.noindex -Xfrontend -serialize-debugging-options -swift-version 6 -I /Users/runner/work/pure-bilibili-rethinking/pure-bilibili-rethinking/build/ios-derived-data/Build/Products/Release-iphoneos -F /Users/runner/work/pure-bilibili-rethinking/pure-bilibili-rethinking/build/ios-derived-data/Build/Products/Release-iphoneos -emit-localized-strings -emit-localized-strings-path /Users/runner/work/pure-bilibili-rethinking/pure-bilibili-rethinking/build/ios-derived-data/Build/Intermediates.noindex/Paladala.build/Release-iphoneos/Paladala.build/Objects-normal/arm64 -c -num-threads 3 -Xcc -ivfsstatcache -Xcc /Users/runner/work/pure-bilibili-rethinking/pure-bilibili-rethinking/build/ios-derived-data/SDKStatCaches.noindex/iphoneos18.5-22F76-a529daf784b3616c7c04a36aeb7f5c05.sdkstatcache -output-file-map /Users/runner/work/pure-bilibili-rethinking/pure-bilibili-rethinking/build/ios-derived-data/Build/Intermediates.noindex/Paladala.build/Release-iphoneos/Paladala.build/Objects-normal/arm64/Paladala-OutputFileMap.json -use-frontend-parseable-output -save-temps -no-color-diagnostics -serialize-diagnostics -emit-dependencies -emit-module -emit-module-path /Users/runner/work/pure-bilibili-rethinking/pure-bilibili-rethinking/build/ios-derived-data/Build/Intermediates.noindex/Paladala.build/Release-iphoneos/Paladala.build/Objects-normal/arm64/Paladala.swiftmodule -validate-clang-modules-once -clang-build-session-file /Users/runner/work/pure-bilibili-rethinking/pure-bilibili-rethinking/build/ios-derived-data/ModuleCache.noindex/Session.modulevalidation -Xcc -I/Users/runner/work/pure-bilibili-rethinking/pure-bilibili-rethinking/build/ios-derived-data/Build/Intermediates.noindex/Paladala.build/Release-iphoneos/Paladala.build/swift-overrides.hmap -emit-const-values -Xfrontend -const-gather-protocols-file -Xfrontend /Users/runner/work/pure-bilibili-rethinking/pure-bilibili-rethinking/build/ios-derived-data/Build/Intermediates.noindex/Paladala.build/Release-iphoneos/Paladala.build/Objects-normal/arm64/Paladala_const_extract_protocols.json -Xcc -iquote -Xcc /Users/runner/work/pure-bilibili-rethinking/pure-bilibili-rethinking/build/ios-derived-data/Build/Intermediates.noindex/Paladala.build/Release-iphoneos/Paladala.build/Paladala-generated-files.hmap -Xcc -I/Users/runner/work/pure-bilibili-rethinking/pure-bilibili-rethinking/build/ios-derived-data/Build/Intermediates.noindex/Paladala.build/Release-iphoneos/Paladala.build/Paladala-own-target-headers.hmap -Xcc -I/Users/runner/work/pure-bilibili-rethinking/pure-bilibili-rethinking/build/ios-derived-data/Build/Intermediates.noindex/Paladala.build/Release-iphoneos/Paladala.build/Paladala-all-target-headers.hmap -Xcc -iquote -Xcc /Users/runner/work/pure-bilibili-rethinking/pure-bilibili-rethinking/build/ios-derived-data/Build/Intermediates.noindex/Paladala.build/Release-iphoneos/Paladala.build/Paladala-project-headers.hmap -Xcc -I/Users/runner/work/pure-bilibili-rethinking/pure-bilibili-rethinking/build/ios-derived-data/Build/Products/Release-iphoneos/include -Xcc -I/Users/runner/work/_temp/ffmpeg-build/arm64/include -Xcc -I/Users/runner/work/pure-bilibili-rethinking/pure-bilibili-rethinking/build/ios-derived-data/Build/Intermediates.noindex/Paladala.build/Release-iphoneos/Paladala.build/DerivedSources-normal/arm64 -Xcc -I/Users/runner/work/pure-bilibili-rethinking/pure-bilibili-rethinking/build/ios-derived-data/Build/Intermediates.noindex/Paladala.build/Release-iphoneos/Paladala.build/DerivedSources/arm64 -Xcc -I/Users/runner/work/pure-bilibili-rethinking/pure-bilibili-rethinking/build/ios-derived-data/Build/Intermediates.noindex/Paladala.build/Release-iphoneos/Paladala.build/DerivedSources -emit-objc-header -emit-objc-header-path /Users/runner/work/pure-bilibili-rethinking/pure-bilibili-rethinking/build/ios-derived-data/Build/Intermediates.noindex/Paladala.build/Release-iphoneos/Paladala.build/Objects-normal/arm64/Paladala-Swift.h -import-objc-header /Users/runner/work/pure-bilibili-rethinking/pure-bilibili-rethinking/ios/Paladala/Paladala/Paladala-Bridging-Header.h -pch-output-dir /Users/runner/work/pure-bilibili-rethinking/pure-bilibili-rethinking/build/ios-derived-data/Build/Intermediates.noindex/PrecompiledHeaders -working-directory /Users/runner/work/pure-bilibili-rethinking/pure-bilibili-rethinking/ios/Paladala -no-emit-module-separately-wmo
error: Build input files cannot be found: '/Users/runner/work/pure-bilibili-rethinking/pure-bilibili-rethinking/ios/Paladala/HMAC.swift', '/Users/runner/work/pure-bilibili-rethinking/pure-bilibili-rethinking/ios/Paladala/ReportPayload.swift', '/Users/runner/work/pure-bilibili-rethinking/pure-bilibili-rethinking/ios/Paladala/LogReporterConfig.swift', '/Users/runner/work/pure-bilibili-rethinking/pure-bilibili-rethinking/ios/Paladala/ReporterGate.swift', '/Users/runner/work/pure-bilibili-rethinking/pure-bilibili-rethinking/ios/Paladala/ErrorSink.swift', '/Users/runner/work/pure-bilibili-rethinking/pure-bilibili-rethinking/ios/Paladala/LogReporter.swift'. Did you forget to declare these files as outputs of any script phases or custom build rules which produce them? (in target 'Paladala' from project 'Paladala')

SwiftDriver\ Compilation Paladala normal arm64 com.apple.xcode.tools.swift.compiler (in target 'Paladala' from project 'Paladala')
    cd /Users/runner/work/pure-bilibili-rethinking/pure-bilibili-rethinking/ios/Paladala
    builtin-Swift-Compilation -- /Applications/Xcode_16.4.app/Contents/Developer/Toolchains/XcodeDefault.xctoolchain/usr/bin/swiftc -module-name Paladala -O -whole-module-optimization -enforce-exclusivity\=checked @/Users/runner/work/pure-bilibili-rethinking/pure-bilibili-rethinking/build/ios-derived-data/Build/Intermediates.noindex/Paladala.build/Release-iphoneos/Paladala.build/Objects-normal/arm64/Paladala.SwiftFileList -enable-experimental-feature DebugDescriptionMacro -sdk /Applications/Xcode_16.4.app/Contents/Developer/Platforms/iPhoneOS.platform/Developer/SDKs/iPhoneOS18.5.sdk -target arm64-apple-ios18.0 -g -module-cache-path /Users/runner/work/pure-bilibili-rethinking/pure-bilibili-rethinking/build/ios-derived-data/ModuleCache.noindex -Xfrontend -serialize-debugging-options -swift-version 6 -I /Users/runner/work/pure-bilibili-rethinking/pure-bilibili-rethinking/build/ios-derived-data/Build/Products/Release-iphoneos -F /Users/runner/work/pure-bilibili-rethinking/pure-bilibili-rethinking/build/ios-derived-data/Build/Products/Release-iphoneos -emit-localized-strings -emit-localized-strings-path /Users/runner/work/pure-bilibili-rethinking/pure-bilibili-rethinking/build/ios-derived-data/Build/Intermediates.noindex/Paladala.build/Release-iphoneos/Paladala.build/Objects-normal/arm64 -c -num-threads 3 -Xcc -ivfsstatcache -Xcc /Users/runner/work/pure-bilibili-rethinking/pure-bilibili-rethinking/build/ios-derived-data/SDKStatCaches.noindex/iphoneos18.5-22F76-a529daf784b3616c7c04a36aeb7f5c05.sdkstatcache -output-file-map /Users/runner/work/pure-bilibili-rethinking/pure-bilibili-rethinking/build/ios-derived-data/Build/Intermediates.noindex/Paladala.build/Release-iphoneos/Paladala.build/Objects-normal/arm64/Paladala-OutputFileMap.json -use-frontend-parseable-output -save-temps -no-color-diagnostics -serialize-diagnostics -emit-dependencies -emit-module -emit-module-path /Users/runner/work/pure-bilibili-rethinking/pure-bilibili-rethinking/build/ios-derived-data/Build/Intermediates.noindex/Paladala.build/Release-iphoneos/Paladala.build/Objects-normal/arm64/Paladala.swiftmodule -validate-clang-modules-once -clang-build-session-file /Users/runner/work/pure-bilibili-rethinking/pure-bilibili-rethinking/build/ios-derived-data/ModuleCache.noindex/Session.modulevalidation -Xcc -I/Users/runner/work/pure-bilibili-rethinking/pure-bilibili-rethinking/build/ios-derived-data/Build/Intermediates.noindex/Paladala.build/Release-iphoneos/Paladala.build/swift-overrides.hmap -emit-const-values -Xfrontend -const-gather-protocols-file -Xfrontend /Users/runner/work/pure-bilibili-rethinking/pure-bilibili-rethinking/build/ios-derived-data/Build/Intermediates.noindex/Paladala.build/Release-iphoneos/Paladala.build/Objects-normal/arm64/Paladala_const_extract_protocols.json -Xcc -iquote -Xcc /Users/runner/work/pure-bilibili-rethinking/pure-bilibili-rethinking/build/ios-derived-data/Build/Intermediates.noindex/Paladala.build/Release-iphoneos/Paladala.build/Paladala-generated-files.hmap -Xcc -I/Users/runner/work/pure-bilibili-rethinking/pure-bilibili-rethinking/build/ios-derived-data/Build/Intermediates.noindex/Paladala.build/Release-iphoneos/Paladala.build/Paladala-own-target-headers.hmap -Xcc -I/Users/runner/work/pure-bilibili-rethinking/pure-bilibili-rethinking/build/ios-derived-data/Build/Intermediates.noindex/Paladala.build/Release-iphoneos/Paladala.build/Paladala-all-target-headers.hmap -Xcc -iquote -Xcc /Users/runner/work/pure-bilibili-rethinking/pure-bilibili-rethinking/build/ios-derived-data/Build/Intermediates.noindex/Paladala.build/Release-iphoneos/Paladala.build/Paladala-project-headers.hmap -Xcc -I/Users/runner/work/pure-bilibili-rethinking/pure-bilibili-rethinking/build/ios-derived-data/Build/Products/Release-iphoneos/include -Xcc -I/Users/runner/work/_temp/ffmpeg-build/arm64/include -Xcc -I/Users/runner/work/pure-bilibili-rethinking/pure-bilibili-rethinking/build/ios-derived-data/Build/Intermediates.noindex/Paladala.build/Release-iphoneos/Paladala.build/DerivedSources-normal/arm64 -Xcc -I/Users/runner/work/pure-bilibili-rethinking/pure-bilibili-rethinking/build/ios-derived-data/Build/Intermediates.noindex/Paladala.build/Release-iphoneos/Paladala.build/DerivedSources/arm64 -Xcc -I/Users/runner/work/pure-bilibili-rethinking/pure-bilibili-rethinking/build/ios-derived-data/Build/Intermediates.noindex/Paladala.build/Release-iphoneos/Paladala.build/DerivedSources -emit-objc-header -emit-objc-header-path /Users/runner/work/pure-bilibili-rethinking/pure-bilibili-rethinking/build/ios-derived-data/Build/Intermediates.noindex/Paladala.build/Release-iphoneos/Paladala.build/Objects-normal/arm64/Paladala-Swift.h -import-objc-header /Users/runner/work/pure-bilibili-rethinking/pure-bilibili-rethinking/ios/Paladala/Paladala/Paladala-Bridging-Header.h -pch-output-dir /Users/runner/work/pure-bilibili-rethinking/pure-bilibili-rethinking/build/ios-derived-data/Build/Intermediates.noindex/PrecompiledHeaders -working-directory /Users/runner/work/pure-bilibili-rethinking/pure-bilibili-rethinking/ios/Paladala -no-emit-module-separately-wmo
error: Build input files cannot be found: '/Users/runner/work/pure-bilibili-rethinking/pure-bilibili-rethinking/ios/Paladala/HMAC.swift', '/Users/runner/work/pure-bilibili-rethinking/pure-bilibili-rethinking/ios/Paladala/ReportPayload.swift', '/Users/runner/work/pure-bilibili-rethinking/pure-bilibili-rethinking/ios/Paladala/LogReporterConfig.swift', '/Users/runner/work/pure-bilibili-rethinking/pure-bilibili-rethinking/ios/Paladala/ReporterGate.swift', '/Users/runner/work/pure-bilibili-rethinking/pure-bilibili-rethinking/ios/Paladala/ErrorSink.swift', '/Users/runner/work/pure-bilibili-rethinking/pure-bilibili-rethinking/ios/Paladala/LogReporter.swift'. Did you forget to declare these files as outputs of any script phases or custom build rules which produce them? (in target 'Paladala' from project 'Paladala')

note: Disabling previews because SWIFT_VERSION is set and SWIFT_OPTIMIZATION_LEVEL=-O, expected -Onone (in target 'PaladalaWidget' from project 'Paladala')
note: Disabling previews because SWIFT_VERSION is set and SWIFT_OPTIMIZATION_LEVEL=-O, expected -Onone (in target 'Paladala' from project 'Paladala')
** BUILD FAILED **


The following build commands failed:
	SwiftDriver\ Compilation\ Requirements Paladala normal arm64 com.apple.xcode.tools.swift.compiler (in target 'Paladala' from project 'Paladala')
	SwiftDriver\ Compilation Paladala normal arm64 com.apple.xcode.tools.swift.compiler (in target 'Paladala' from project 'Paladala')
	Building project Paladala with scheme Paladala and configuration Release
(3 failures)
